{
	"type": "home",
	"blocks": [
		{
			"type": "image",
			"image_url": "https://chat-roulette-for-slack.com/static/img/logo.png",
			"alt_text": "chat-roulette logo"
		},
		{
			"type": "header",
			"text": {
				"type": "plain_text",
				"text": "Chat Roulette for Slack",
				"emoji": true
			}
		},
		{
			"type": "divider"
		},
		{
			"type": "section",
			"text": {
				"type": "mrkdwn",
				"text": "Chat Roulette helps you stay connected to your Slack community by introducing you to other members on a regular cadence."
			}
		},
		{
			"type": "header",
			"text": {
				"type": "plain_text",
				"text": ":question: How It Works",
				"emoji": true
			}
		},
		{
			"type": "divider"
		},
		{
			"type": "section",
			"text": {
				"type": "mrkdwn",
				"text": "Chat Roulette can be enabled on a Slack channel by inviting <@U0123456789> to it. The chat roulette bot will pair members of the Slack channel every round, giving enough time for participants to meet for a video call."
			}
		},

		{
			"type": "header",
			"text": {
				"type": "plain_text",
				"text": ":door: Chat Roulette Channels You Can Join",
				"emoji": true
			}
		},
		{
			"type": "divider"
		},
		{
			"type": "context",
			"elements": [
				{
					"type": "mrkdwn",
					"text": "_Join any of these channels to start meeting members of your community_"
				}
			]
		},

		{
			"type": "section",
			"text": {
				"type": "mrkdwn",
				"text": "<#G0123456789>\n:clock1: Interval: *Biweekly*\n:calendar: Next Round: *Monday, January 4th, 2021*"
			}
		},

		{
			"type": "header",
			"text": {
				"type": "plain_text",
				"text": ":globe_with_meridians: Visit Your Chat Roulette Dashboard",
				"emoji": true
			}
		},
		{
			"type": "divider"
		},
		{
			"type": "section",
			"text": {
				"type": "mrkdwn",
				"text": "_To view your Chat Roulette dashboard, click on the button to the right_"
			},
			"accessory": {
				"type": "button",
				"text": {
					"type": "plain_text",
					"text": ":bar_chart: Dashboard",
					"emoji": true
				},
				"value": "dashboard",
				"url": "https://chat-roulette-for-slack.com",
				"action_id": "link"
			}
		}
	]
}