{
    "blocks": [
        {
            "type": "section",
            "text": {
                "type": "mrkdwn",
                "text": ":wave: Hi <@U0123456789> <@U9876543210>",
                "verbatim": false
            }
        },
        {
            "type": "section",
            "text": {
                "type": "mrkdwn",
                "text": "Time for a check-in!",
                "verbatim": false
            }
        },
        {
            "type": "section",
            "text": {
                "type": "mrkdwn",
                "text": ":x: <@U9876543210> said that you did not meet yet. Don't worry, there is still time remaining in this round to connect :pleading_face:",
                "verbatim": false
            }
        }
    ]
}