{
    "blocks": [
        {
            "type": "section",
            "text": {
                "type": "mrkdwn",
                "text": ":wave: Hello <@U0123456789>"
            }
        },
        {
            "type": "section",
            "text": {
                "type": "mrkdwn",
                "text": "Welcome to the <#C0123456789> channel!"
            }
        },
        {
            "type": "section",
            "text": {
                "type": "mrkdwn",
                "text": "Chat Roulette has been enabled on this channel. *Biweekly* on *Mondays*, you will be introduced to another member in the <#C0123456789> channel. You will have until the end of each round to meet in person at a location of your choosing, whether it's for coffee or a meal!",
                "verbatim": false
            }
        },
        {
            "type": "section",
            "text": {
                "type": "mrkdwn",
                "text": "The next Chat Roulette round begins on *Monday, January 3rd, 2022*!"
            }
        },
        {
            "type": "section",
            "text": {
                "type": "mrkdwn",
                "text": "Chat Roulette has been enabled on this channel by <@U9876543210>, so if you have any questions, please reach out to them."
            }
        },
        {
            "type": "divider"
        },
        {
            "type": "section",
            "text": {
                "type": "mrkdwn",
                "text": "*To participate in Chat Roulette, click the following button to complete onboarding:*"
            },
            "accessory": {
                "type": "button",
                "text": {
                    "type": "plain_text",
                    "text": "Opt In",
                    "emoji": true
                },
                "value": "C0123456789",
                "action_id": "GREET_MEMBER|confirm"
            }
        }
    ]
}