{
	"blocks": [
		{
			"type": "section",
			"text": {
				"type": "mrkdwn",
				"text": "It seems like both of you are shy :blush:"
			}
		},
		{
			"type": "section",
			"text": {
				"type": "mrkdwn",
				"text": "How about starting with an icebreaker? :speech_balloon:"
			}
		},
		{
			"type": "section",
			"text": {
				"type": "mrkdwn",
				"text": "<@U9876543210> you've been randomly selected to answer first :sweat_smile:"
			}
		}
	],
	"attachments": [
		{
			"color": "#36C5F0",
			"blocks": [
				{
					"type": "section",
					"text": {
						"type": "mrkdwn",
						"text": "_What would you do if you really been far even as decided to use even go want to do look more like?_"
					}
				}
			]
		}
	]
}