{
	"blocks": [
		{
			"type": "section",
			"text": {
				"type": "mrkdwn",
				"text": ":wave: <@U0123456789> <@U9876543210>"
			}
		},
		{
			"type": "section",
			"text": {
				"type": "mrkdwn",
				"text": "I'm here to help facilitate a little human connection by introducing everyone in <#C0123456789> biweekly."
			}
		},
		{
			"type": "section",
			"text": {
				"type": "mrkdwn",
				"text": "You two have been paired for this round of Chat Roulette. Now that you're here, why not schedule a video call using Zoom, Google Meet, or Microsoft Teams to get to know each other!"
			}
		},
		{
			"type": "header",
			"text": {
				"type": "plain_text",
				"text": "Match Info",
				"emoji": true
			}
		},
		{
			"type": "divider"
		},
		{
			"type": "section",
			"text": {
				"type": "mrkdwn",
				"text": "*Name:* <@U0123456789>\n*Location:* Nairobi, Kenya\n*Timezone*: EAT (UTC+03:00)\n*Github:* https://github.com/AhmedARmohamed\n*Calendly*: https://calendly.com/AhmedARmohamed"
			}
		},
		{
			"type": "divider"
		},
		{
			"type": "section",
			"text": {
				"type": "mrkdwn",
				"text": "*Name:* <@U9876543210>\n*Location:* Phoenix, United States\n*Timezone*: MST (UTC-07:00)\n*Github:* https://github.com/bincyber"
			}
		}
	]
}