{
	"blocks": [
		{
			"type": "section",
			"text": {
				"type": "mrkdwn",
				"text": "Hi <@U0123456789> :wave:"
			}
		},
		{
			"type": "section",
			"text": {
				"type": "mrkdwn",
				"text": "A new round of Chat Roulette has started for <#C0123456789>"
			}
		},
		{
			"type": "section",
			"text": {
				"type": "mrkdwn",
				"text": "I'm really sorry, I was unable to match you with someone this time :cry:"
			}
		},
		{
			"type": "section",
			"text": {
				"type": "mrkdwn",
				"text": "The next Chat Roulette round will be on *Monday, January 3rd, 2022*. I'm hopeful that I will be able to connect you with someone then! :sweat_smile:"
			}
		}
	]
}