{
	"blocks": [
		{
			"type": "section",
			"text": {
				"type": "mrkdwn",
				"text": "Hi <@U9876543210> :wave:"
			}
		},
		{
			"type": "section",
			"text": {
				"type": "mrkdwn",
				"text": "A new round of Chat Roulette has just kicked off in <#C9876543210> :rocket:"
			}
		},
		{
			"type": "section",
			"text": {
				"type": "mrkdwn",
				"text": "This round will run until *Monday, January 3rd, 2022*!"
			}
		},
		{
			"type": "header",
			"text": {
				"type": "plain_text",
				"text": ":bar_chart: Match Stats",
				"emoji": true
			}
		},
		{
			"type": "divider"
		},
		{
			"type": "section",
			"text": {
				"type": "mrkdwn",
				"text": "This round has *0* participants :slightly_smiling_face:"
			}
		},
		{
			"type": "section",
			"text": {
				"type": "mrkdwn",
				"text": "*0* were :male_sign: and *0* were :female_sign:"
			}
		},
		{
			"type": "section",
			"text": {
				"type": "mrkdwn",
				"text": "*0* participants preferred to be matched with the same gender :blush:"
			}
		},
		{
			"type": "section",
			"text": {
				"type": "mrkdwn",
				"text": "*0* participants did not get matched :grin:"
			}
		},
		{
			"type": "section",
			"text": {
				"type": "mrkdwn",
				"text": "*0* intros were made :sob:"
			}
		}
	]
}