{
	"blocks": [
		{
			"type": "section",
			"text": {
				"type": "mrkdwn",
				"text": "Hi <@U9876543210> :wave:"
			}
		},
		{
			"type": "section",
			"text": {
				"type": "mrkdwn",
				"text": "A new round of Chat Roulette has just kicked off in <#C9876543210> :rocket:"
			}
		},
		{
			"type": "section",
			"text": {
				"type": "mrkdwn",
				"text": "This round will run until *Monday, January 3rd, 2022*!"
			}
		},
		{
			"type": "header",
			"text": {
				"type": "plain_text",
				"text": ":bar_chart: Match Stats",
				"emoji": true
			}
		},
		{
			"type": "divider"
		},
		{
			"type": "section",
			"text": {
				"type": "mrkdwn",
				"text": "This round has *51* participants :tada:"
			}
		},
		{
			"type": "section",
			"text": {
				"type": "mrkdwn",
				"text": "*20* were :male_sign: and *30* were :female_sign:"
			}
		},
		{
			"type": "section",
			"text": {
				"type": "mrkdwn",
				"text": "*6* participants preferred to be matched with the same gender :blush:"
			}
		},
		{
			"type": "section",
			"text": {
				"type": "mrkdwn",
				"text": "*10* preferred to meet virtually versus *30* who preferred to meet in-person. Meanwhile, *11* had no _Connection Mode_ preference"
			}
		},
		{
			"type": "section",
			"text": {
				"type": "mrkdwn",
				"text": "*1* participant did not get matched :cry:"
			}
		},
		{
			"type": "section",
			"text": {
				"type": "mrkdwn",
				"text": "*25* intros were made :raised_hands:"
			}
		}
	]
}